#-----------------------------------------------------------
# Webtalk v2018.3.1 (64-bit)
# SW Build 2489853 on Tue Mar 26 04:20:25 MDT 2019
# IP Build 2486929 on Tue Mar 26 06:44:21 MDT 2019
# Start of session at: Tue Sep  1 23:10:25 2020
# Process ID: 25844
# Current directory: G:/.shortcut-targets-by-id/18l05k5DVoB5pVKzFoiXH5izoP1FLnSFh/Project_group15/uart_final/uart_final.sim/sim_1/behav/xsim
# Command line: wbtcv.exe -mode batch -source G:/.shortcut-targets-by-id/18l05k5DVoB5pVKzFoiXH5izoP1FLnSFh/Project_group15/uart_final/uart_final.sim/sim_1/behav/xsim/xsim.dir/SerialRx_tb_behav/webtalk/xsim_webtalk.tcl -notrace
# Log file: G:/.shortcut-targets-by-id/18l05k5DVoB5pVKzFoiXH5izoP1FLnSFh/Project_group15/uart_final/uart_final.sim/sim_1/behav/xsim/webtalk.log
# Journal file: G:/.shortcut-targets-by-id/18l05k5DVoB5pVKzFoiXH5izoP1FLnSFh/Project_group15/uart_final/uart_final.sim/sim_1/behav/xsim\webtalk.jou
#-----------------------------------------------------------
source G:/.shortcut-targets-by-id/18l05k5DVoB5pVKzFoiXH5izoP1FLnSFh/Project_group15/uart_final/uart_final.sim/sim_1/behav/xsim/xsim.dir/SerialRx_tb_behav/webtalk/xsim_webtalk.tcl -notrace
